2026-08-26 19:47:11 [INFO] --- Session started: 19:47:11 ---
2026-08-26 19:47:11 [INFO] Initialized Bug-G Tools 2.0-dev
2026-08-26 19:47:17 [INFO] Limpando cache DNS
2026-08-26 19:47:18 [INFO] Registrando DNS
2026-08-26 19:47:22 [INFO] Liberando IP
2026-08-26 19:47:23 [INFO] Renovando IP
2026-08-26 19:47:27 [INFO] Resetando Winsock
2026-08-26 19:47:28 [INFO] Rede processada. Reiniciar o PC pode ser necessario.
2026-08-26 19:51:46 [INFO] --- Session started: 19:51:46 ---
2026-08-26 19:51:46 [INFO] Initialized Bug-G Tools 2.0-dev
2026-08-26 19:51:48 [INFO] Iniciando PUBG pela Steam
2026-08-26 19:51:48 [INFO] O jogo deve iniciar em instantes.
2026-08-26 20:54:08 [INFO] --- Session started: 20:54:08 ---
2026-08-26 20:54:08 [INFO] Initialized Bug-G Tools 2.0-dev
2026-08-26 20:54:15 [INFO] --- Session started: 20:54:15 ---
2026-08-26 20:54:15 [INFO] Initialized Bug-G Tools 2.0-dev
2026-08-26 20:54:21 [INFO] Removendo Network Throttling
2026-08-26 20:54:21 [INFO] Priorizando perfil Games
2026-08-26 20:54:21 [INFO] Tweaks MMCSS aplicados.
2026-08-26 20:54:21 [INFO] Criando plano Ultimate Performance
2026-08-26 20:54:22 [INFO] Ativando plano Ultimate Performance
2026-08-26 20:54:23 [INFO] Plano de energia aplicado.
2026-08-26 20:54:23 [INFO] Desativando captura em background do Xbox Game DVR
2026-08-26 20:54:23 [INFO] Game DVR desativado.
2026-08-26 20:54:23 [INFO] Desativando notificacoes toast
2026-08-26 20:54:23 [INFO] Desativando notificacoes globais
2026-08-26 20:54:23 [INFO] Desativando sugestoes e dicas do Windows
2026-08-26 20:54:23 [INFO] Notificacoes desativadas. Pode ser necessario sair e entrar no Windows para aplicar tudo.
2026-08-26 20:54:23 [INFO] Ativando HAGS
2026-08-26 20:54:23 [INFO] HAGS ativado. Reinicie o PC para aplicar.
2026-08-26 20:54:23 [INFO] Removendo 0002a93b13f58350.nvph
2026-08-26 20:54:23 [INFO] Removendo 0002a93b1da2583c.nvph
2026-08-26 20:54:23 [INFO] Removendo 0002a93b1fa5d270.nvph
2026-08-26 20:54:23 [INFO] Removendo 0002a93b31f6afee.nvph
2026-08-26 20:54:23 [INFO] Removendo 0002a93b3522cde7.nvph
2026-08-26 20:54:23 [INFO] Removendo 0002a93b43c877cd.nvph
2026-08-26 20:54:23 [INFO] Removendo 0002a93b6a45ffe5.nvph
2026-08-26 20:54:23 [INFO] Removendo 0002a93b9ff3bf53.nvph
2026-08-26 20:54:23 [INFO] Removendo 0002a93bae603702.nvph
2026-08-26 20:54:23 [INFO] Removendo 2000a93b28b14c53.nvph
2026-08-26 20:54:23 [INFO] Removendo 2000a93b9ff3bf53.nvph
2026-08-26 20:54:23 [INFO] Removendo ecc4a93b128cd128.nvph
2026-08-26 20:54:23 [INFO] Removendo ecc4a93b128cd129.nvph
2026-08-26 20:54:23 [INFO] Removendo ecc4a93b128cd12a.nvph
2026-08-26 20:54:23 [INFO] Removendo ecc4a93b13f58350.nvph
2026-08-26 20:54:23 [INFO] Removendo ecc4a93b1da2583c.nvph
2026-08-26 20:54:23 [WARN] Falha ao remover C:\Users\julia\AppData\Local\NVIDIA\DXCache\ecc4a93b1da2583c.nvph: The process cannot access the file 'C:\Users\julia\AppData\Local\NVIDIA\DXCache\ecc4a93b1da2583c.nvph' because it is being used by another process.
2026-08-26 20:54:23 [INFO] Removendo ecc4a93b1fa5d270.nvph
2026-08-26 20:54:23 [INFO] Removendo ecc4a93b2a531b95.nvph
2026-08-26 20:54:23 [INFO] Removendo ecc4a93b2ac6783f.nvph
2026-08-26 20:54:23 [WARN] Falha ao remover C:\Users\julia\AppData\Local\NVIDIA\DXCache\ecc4a93b2ac6783f.nvph: The process cannot access the file 'C:\Users\julia\AppData\Local\NVIDIA\DXCache\ecc4a93b2ac6783f.nvph' because it is being used by another process.
2026-08-26 20:54:23 [INFO] Removendo ecc4a93b31f6afee.nvph
2026-08-26 20:54:23 [INFO] Removendo ecc4a93b3522cde7.nvph
2026-08-26 20:54:23 [INFO] Removendo ecc4a93b3ca20df2.nvph
2026-08-26 20:54:23 [INFO] Removendo ecc4a93b3f720ae0.nvph
2026-08-26 20:54:23 [INFO] Removendo ecc4a93b414b340b.nvph
2026-08-26 20:54:23 [INFO] Removendo ecc4a93b43c877cd.nvph
2026-08-26 20:54:23 [INFO] Removendo ecc4a93b62901ecf.nvph
2026-08-26 20:54:23 [INFO] Removendo ecc4a93b64ef8c69.nvph
2026-08-26 20:54:23 [INFO] Removendo ecc4a93b64ef8c6a.nvph
2026-08-26 20:54:23 [INFO] Removendo ecc4a93b6a45ffe5.nvph
2026-08-26 20:54:23 [WARN] Falha ao remover C:\Users\julia\AppData\Local\NVIDIA\DXCache\ecc4a93b6a45ffe5.nvph: The process cannot access the file 'C:\Users\julia\AppData\Local\NVIDIA\DXCache\ecc4a93b6a45ffe5.nvph' because it is being used by another process.
2026-08-26 20:54:23 [INFO] Removendo ecc4a93b6a45ffe6.nvph
2026-08-26 20:54:23 [WARN] Falha ao remover C:\Users\julia\AppData\Local\NVIDIA\DXCache\ecc4a93b6a45ffe6.nvph: The process cannot access the file 'C:\Users\julia\AppData\Local\NVIDIA\DXCache\ecc4a93b6a45ffe6.nvph' because it is being used by another process.
2026-08-26 20:54:23 [INFO] Removendo ecc4a93b6a45ffe7.nvph
2026-08-26 20:54:23 [INFO] Removendo ecc4a93b730a2159.nvph
2026-08-26 20:54:23 [INFO] Removendo ecc4a93b8207ceec.nvph
2026-08-26 20:54:23 [INFO] Removendo ecc4a93b8a9bc465.nvph
2026-08-26 20:54:23 [INFO] Removendo ecc4a93bae603702.nvph
2026-08-26 20:54:23 [INFO] Removendo ecc4a93bed53c641.nvph
2026-08-26 20:54:23 [WARN] Falha ao remover C:\Users\julia\AppData\Local\NVIDIA\DXCache\ecc4a93bed53c641.nvph: The process cannot access the file 'C:\Users\julia\AppData\Local\NVIDIA\DXCache\ecc4a93bed53c641.nvph' because it is being used by another process.
2026-08-26 20:54:23 [INFO] Removendo ecc4a93bed53c642.nvph
2026-08-26 20:54:23 [INFO] Removendo ecc4a93bee9c70fa.nvph
2026-08-26 20:54:23 [INFO] Removendo ecc4a93befb54ade.nvph
2026-08-26 20:54:23 [INFO] Removendo b315786a2d10993732d5dcb76e61f3c4
2026-08-26 20:54:23 [INFO] Removendo 1a82b3ed8639e459
2026-08-26 20:54:23 [INFO] Removendo 1db5f3a1380cd6d3
2026-08-26 20:54:23 [INFO] Removendo 2549440c3844a768
2026-08-26 20:54:23 [INFO] Removendo 3534848bb9f4cb71
2026-08-26 20:54:23 [INFO] Removendo 4f4816bb51259af4
2026-08-26 20:54:23 [INFO] Removendo 5dc22bc232e57c76
2026-08-26 20:54:23 [INFO] Removendo 6c4a3154175c1245
2026-08-26 20:54:23 [INFO] Removendo 7b9c5b6603845c51
2026-08-26 20:54:23 [INFO] Removendo c887a4af2c182404
2026-08-26 20:54:23 [INFO] Removendo cb00da9ba77862e
2026-08-26 20:54:23 [INFO] Removendo ceaeb6278952c45b
2026-08-26 20:54:23 [INFO] Removendo e7ff1d3752526ef
2026-08-26 20:54:23 [INFO] Removendo e85bb08d12d28cfc
2026-08-26 20:54:23 [INFO] Removendo ee58d880ce8e5825
2026-08-26 20:54:23 [INFO] Removendo f4d41c5d09ae781
2026-08-26 20:54:23 [INFO] Cache de shaders limpo.
2026-08-26 20:54:23 [INFO] Limpando cache DNS
2026-08-26 20:54:24 [INFO] Operacao concluida.
2026-08-26 20:54:24 [INFO] Resetando Winsock
2026-08-26 20:54:25 [INFO] Winsock resetado. Reiniciar o PC e recomendado.
2026-08-26 20:54:25 [INFO] Otimizacao aplicada. Reinicie o PC para efeito completo.
2026-08-26 20:54:31 [INFO] Criando plano Ultimate Performance
2026-08-26 20:54:32 [INFO] Ativando plano Ultimate Performance
2026-08-26 20:54:33 [INFO] Plano de energia aplicado.
